SP2-0734: unknown command beginning "Contar los..." - rest of line ignored.

COUNT(DISTINCTR_REGIONKEY)                                                                                                                                                                                                                                      
--------------------------                                                                                                                                                                                                                                      
                         5                                                                                                                                                                                                                                      


COUNT(DISTINCTR_NAME)                                                                                                                                                                                                                                           
---------------------                                                                                                                                                                                                                                           
                    5                                                                                                                                                                                                                                           


COUNT(DISTINCTR_COMMENT)                                                                                                                                                                                                                                        
------------------------                                                                                                                                                                                                                                        
                       5                                                                                                                                                                                                                                        

SP2-0734: unknown command beginning "Contar los..." - rest of line ignored.

COUNT(DISTINCTN_NATIONKEY)                                                                                                                                                                                                                                      
--------------------------                                                                                                                                                                                                                                      
                        25                                                                                                                                                                                                                                      


COUNT(DISTINCTN_NAME)                                                                                                                                                                                                                                           
---------------------                                                                                                                                                                                                                                           
                   25                                                                                                                                                                                                                                           


COUNT(DISTINCTN_REGIONKEY)                                                                                                                                                                                                                                      
--------------------------                                                                                                                                                                                                                                      
                         5                                                                                                                                                                                                                                      


COUNT(DISTINCTN_COMMENT)                                                                                                                                                                                                                                        
------------------------                                                                                                                                                                                                                                        
                      25                                                                                                                                                                                                                                        

SP2-0734: unknown command beginning "Contar los..." - rest of line ignored.

COUNT(DISTINCTP_PARTKEY)                                                                                                                                                                                                                                        
------------------------                                                                                                                                                                                                                                        
                  200000                                                                                                                                                                                                                                        


COUNT(DISTINCTP_NAME)                                                                                                                                                                                                                                           
---------------------                                                                                                                                                                                                                                           
               199996                                                                                                                                                                                                                                           


COUNT(DISTINCTP_MFGR)                                                                                                                                                                                                                                           
---------------------                                                                                                                                                                                                                                           
                    5                                                                                                                                                                                                                                           


COUNT(DISTINCTP_BRAND)                                                                                                                                                                                                                                          
----------------------                                                                                                                                                                                                                                          
                    25                                                                                                                                                                                                                                          


COUNT(DISTINCTP_TYPE)                                                                                                                                                                                                                                           
---------------------                                                                                                                                                                                                                                           
                  150                                                                                                                                                                                                                                           


COUNT(DISTINCTP_SIZE)                                                                                                                                                                                                                                           
---------------------                                                                                                                                                                                                                                           
                   50                                                                                                                                                                                                                                           


COUNT(DISTINCTP_CONTAINER)                                                                                                                                                                                                                                      
--------------------------                                                                                                                                                                                                                                      
                        40                                                                                                                                                                                                                                      


COUNT(DISTINCTP_RETAILPRICE)                                                                                                                                                                                                                                    
----------------------------                                                                                                                                                                                                                                    
                       20899                                                                                                                                                                                                                                    


COUNT(DISTINCTP_COMMENT)                                                                                                                                                                                                                                        
------------------------                                                                                                                                                                                                                                        
                  131753                                                                                                                                                                                                                                        

SP2-0734: unknown command beginning "Contar los..." - rest of line ignored.

COUNT(DISTINCTS_SUPPKEY)                                                                                                                                                                                                                                        
------------------------                                                                                                                                                                                                                                        
                   10000                                                                                                                                                                                                                                        


COUNT(DISTINCTS_NAME)                                                                                                                                                                                                                                           
---------------------                                                                                                                                                                                                                                           
                10000                                                                                                                                                                                                                                           


COUNT(DISTINCTS_ADDRESS)                                                                                                                                                                                                                                        
------------------------                                                                                                                                                                                                                                        
                   10000                                                                                                                                                                                                                                        


COUNT(DISTINCTS_NATIONKEY)                                                                                                                                                                                                                                      
--------------------------                                                                                                                                                                                                                                      
                        25                                                                                                                                                                                                                                      


COUNT(DISTINCTS_PHONE)                                                                                                                                                                                                                                          
----------------------                                                                                                                                                                                                                                          
                 10000                                                                                                                                                                                                                                          


COUNT(DISTINCTS_ACCTBAL)                                                                                                                                                                                                                                        
------------------------                                                                                                                                                                                                                                        
                    9955                                                                                                                                                                                                                                        


COUNT(DISTINCTS_COMMENT)                                                                                                                                                                                                                                        
------------------------                                                                                                                                                                                                                                        
                   10000                                                                                                                                                                                                                                        

SP2-0734: unknown command beginning "Contar los..." - rest of line ignored.

COUNT(DISTINCTPS_PARTKEY)                                                                                                                                                                                                                                       
-------------------------                                                                                                                                                                                                                                       
                   200000                                                                                                                                                                                                                                       


COUNT(DISTINCTPS_SUPPKEY)                                                                                                                                                                                                                                       
-------------------------                                                                                                                                                                                                                                       
                    10000                                                                                                                                                                                                                                       


COUNT(DISTINCTPS_AVAILQTY)                                                                                                                                                                                                                                      
--------------------------                                                                                                                                                                                                                                      
                      9999                                                                                                                                                                                                                                      


COUNT(DISTINCTPS_SUPPCOST)                                                                                                                                                                                                                                      
--------------------------                                                                                                                                                                                                                                      
                     99865                                                                                                                                                                                                                                      


COUNT(DISTINCTPS_COMMENT)                                                                                                                                                                                                                                       
-------------------------                                                                                                                                                                                                                                       
                   799124                                                                                                                                                                                                                                       

SP2-0734: unknown command beginning "Contar los..." - rest of line ignored.

COUNT(DISTINCTC_CUSTKEY)                                                                                                                                                                                                                                        
------------------------                                                                                                                                                                                                                                        
                  150000                                                                                                                                                                                                                                        


COUNT(DISTINCTC_NAME)                                                                                                                                                                                                                                           
---------------------                                                                                                                                                                                                                                           
               150000                                                                                                                                                                                                                                           


COUNT(DISTINCTC_ADDRESS)                                                                                                                                                                                                                                        
------------------------                                                                                                                                                                                                                                        
                  150000                                                                                                                                                                                                                                        


COUNT(DISTINCTC_NATIONKEY)                                                                                                                                                                                                                                      
--------------------------                                                                                                                                                                                                                                      
                        25                                                                                                                                                                                                                                      


COUNT(DISTINCTC_PHONE)                                                                                                                                                                                                                                          
----------------------                                                                                                                                                                                                                                          
                150000                                                                                                                                                                                                                                          


COUNT(DISTINCTC_ACCTBAL)                                                                                                                                                                                                                                        
------------------------                                                                                                                                                                                                                                        
                  140187                                                                                                                                                                                                                                        


COUNT(DISTINCTC_MKTSEGMENT)                                                                                                                                                                                                                                     
---------------------------                                                                                                                                                                                                                                     
                          5                                                                                                                                                                                                                                     

SP2-0734: unknown command beginning "Contar los..." - rest of line ignored.

COUNT(DISTINCTO_ORDERKEY)                                                                                                                                                                                                                                       
-------------------------                                                                                                                                                                                                                                       
                  1500000                                                                                                                                                                                                                                       


COUNT(DISTINCTO_CUSTKEY)                                                                                                                                                                                                                                        
------------------------                                                                                                                                                                                                                                        
                   99996                                                                                                                                                                                                                                        


COUNT(DISTINCTO_ORDERSTATUS)                                                                                                                                                                                                                                    
----------------------------                                                                                                                                                                                                                                    
                           3                                                                                                                                                                                                                                    


COUNT(DISTINCTO_TOTALPRICE)                                                                                                                                                                                                                                     
---------------------------                                                                                                                                                                                                                                     
                    1464556                                                                                                                                                                                                                                     


COUNT(DISTINCTO_ORDERDATE)                                                                                                                                                                                                                                      
--------------------------                                                                                                                                                                                                                                      
                      2406                                                                                                                                                                                                                                      


COUNT(DISTINCTO_ORDERPRIORITY)                                                                                                                                                                                                                                  
------------------------------                                                                                                                                                                                                                                  
                             5                                                                                                                                                                                                                                  


COUNT(DISTINCTO_CLERK)                                                                                                                                                                                                                                          
----------------------                                                                                                                                                                                                                                          
                  1000                                                                                                                                                                                                                                          


COUNT(DISTINCTO_SHIPPRIORITY)                                                                                                                                                                                                                                   
-----------------------------                                                                                                                                                                                                                                   
                            1                                                                                                                                                                                                                                   


COUNT(DISTINCTO_COMMENT)                                                                                                                                                                                                                                        
------------------------                                                                                                                                                                                                                                        
                 1482071                                                                                                                                                                                                                                        

SP2-0734: unknown command beginning "Contar los..." - rest of line ignored.

COUNT(DISTINCTL_ORDERKEY)                                                                                                                                                                                                                                       
-------------------------                                                                                                                                                                                                                                       
                  1500000                                                                                                                                                                                                                                       


COUNT(DISTINCTL_PARTKEY)                                                                                                                                                                                                                                        
------------------------                                                                                                                                                                                                                                        
                  200000                                                                                                                                                                                                                                        


COUNT(DISTINCTL_SUPPKEY)                                                                                                                                                                                                                                        
------------------------                                                                                                                                                                                                                                        
                   10000                                                                                                                                                                                                                                        


COUNT(DISTINCTL_LINENUMBER)                                                                                                                                                                                                                                     
---------------------------                                                                                                                                                                                                                                     
                          7                                                                                                                                                                                                                                     


COUNT(DISTINCTL_QUANTITY)                                                                                                                                                                                                                                       
-------------------------                                                                                                                                                                                                                                       
                       50                                                                                                                                                                                                                                       


COUNT(DISTINCTL_EXTENDEDPRICE)                                                                                                                                                                                                                                  
------------------------------                                                                                                                                                                                                                                  
                        933900                                                                                                                                                                                                                                  


COUNT(DISTINCTL_DISCOUNT)                                                                                                                                                                                                                                       
-------------------------                                                                                                                                                                                                                                       
                       11                                                                                                                                                                                                                                       


COUNT(DISTINCTL_TAX)                                                                                                                                                                                                                                            
--------------------                                                                                                                                                                                                                                            
                   9                                                                                                                                                                                                                                            


COUNT(DISTINCTL_RETURNFLAG)                                                                                                                                                                                                                                     
---------------------------                                                                                                                                                                                                                                     
                          3                                                                                                                                                                                                                                     


COUNT(DISTINCTL_LINESTATUS)                                                                                                                                                                                                                                     
---------------------------                                                                                                                                                                                                                                     
                          2                                                                                                                                                                                                                                     


COUNT(DISTINCTL_SHIPDATE)                                                                                                                                                                                                                                       
-------------------------                                                                                                                                                                                                                                       
                     2526                                                                                                                                                                                                                                       


COUNT(DISTINCTL_COMMITDATE)                                                                                                                                                                                                                                     
---------------------------                                                                                                                                                                                                                                     
                       2466                                                                                                                                                                                                                                     


COUNT(DISTINCTL_RECEIPTDATE)                                                                                                                                                                                                                                    
----------------------------                                                                                                                                                                                                                                    
                        2554                                                                                                                                                                                                                                    


COUNT(DISTINCTL_SHIPINSTRUCT)                                                                                                                                                                                                                                   
-----------------------------                                                                                                                                                                                                                                   
                            4                                                                                                                                                                                                                                   


COUNT(DISTINCTL_SHIPMODE)                                                                                                                                                                                                                                       
-------------------------                                                                                                                                                                                                                                       
                        7                                                                                                                                                                                                                                       


COUNT(DISTINCTL_COMMENT)                                                                                                                                                                                                                                        
------------------------                                                                                                                                                                                                                                        
                 4580667                                                                                                                                                                                                                                        

